// Jest Snapshot v1, https://goo.gl/fbAQLP

exports[`NoteDetail component renders the note content 1`] = `
<Router
  history={
    Object {
      "action": "POP",
      "block": [Function],
      "createHref": [Function],
      "go": [Function],
      "goBack": [Function],
      "goForward": [Function],
      "length": 1,
      "listen": [Function],
      "location": Object {
        "hash": "",
        "pathname": "/",
        "search": "",
        "state": undefined,
      },
      "push": [Function],
      "replace": [Function],
    }
  }
>
  <NoteDetail
    content="Veritatis porro minima perspiciatis. Repellat veniam quo iste ut. Iusto voluptas quae quibusdam. Odit neque iusto cupiditate iste quam. Fuga itaque aut praesentium ullam saepe ut et vero.
 
Quisquam doloremque molestiae. Enim rerum dolorem et velit itaque magnam laborum. Aut officiis porro.
 
Quae eum eaque error. Sed itaque ipsam nam provident aut voluptate. Perferendis repudiandae sequi laudantium est est animi eum. Unde alias et doloribus est hic et. Sed distinctio incidunt maiores aut voluptatibus et omnis mollitia fugit."
  />
</Router>
`;
