// Jest Snapshot v1, https://goo.gl/fbAQLP

exports[`NoteSidebar component renders UI of the sidebar correctly 1`] = `
<nav
  className="nav"
>
  <button
    className="go-back-button"
    onClick={[Function]}
    type="button"
  >
    Go back
  </button>
  <h2
    className="folder-name"
  >
    super
  </h2>
</nav>
`;
